running develop
Removing /home/ivan/Ivan/ROS2-project/install/kaiju_ik/lib/python3.12/site-packages/kaiju-ik.egg-link (link to .)
running egg_info
writing ../../build/kaiju_ik/kaiju_ik.egg-info/PKG-INFO
writing dependency_links to ../../build/kaiju_ik/kaiju_ik.egg-info/dependency_links.txt
writing entry points to ../../build/kaiju_ik/kaiju_ik.egg-info/entry_points.txt
writing requirements to ../../build/kaiju_ik/kaiju_ik.egg-info/requires.txt
writing top-level names to ../../build/kaiju_ik/kaiju_ik.egg-info/top_level.txt
reading manifest file '../../build/kaiju_ik/kaiju_ik.egg-info/SOURCES.txt'
writing manifest file '../../build/kaiju_ik/kaiju_ik.egg-info/SOURCES.txt'
running build
running build_py
creating /home/ivan/Ivan/ROS2-project/build/kaiju_ik/build
creating /home/ivan/Ivan/ROS2-project/build/kaiju_ik/build/lib
creating /home/ivan/Ivan/ROS2-project/build/kaiju_ik/build/lib/kaiju_ik
copying kaiju_ik/arm_overlay.py -> /home/ivan/Ivan/ROS2-project/build/kaiju_ik/build/lib/kaiju_ik
copying kaiju_ik/kaiju_ik_node.py -> /home/ivan/Ivan/ROS2-project/build/kaiju_ik/build/lib/kaiju_ik
copying kaiju_ik/__init__.py -> /home/ivan/Ivan/ROS2-project/build/kaiju_ik/build/lib/kaiju_ik
copying kaiju_ik/target_spawner.py -> /home/ivan/Ivan/ROS2-project/build/kaiju_ik/build/lib/kaiju_ik
running install
running install_lib
creating /home/ivan/Ivan/ROS2-project/install/kaiju_ik/lib/python3.12/site-packages/kaiju_ik
copying /home/ivan/Ivan/ROS2-project/build/kaiju_ik/build/lib/kaiju_ik/arm_overlay.py -> /home/ivan/Ivan/ROS2-project/install/kaiju_ik/lib/python3.12/site-packages/kaiju_ik
copying /home/ivan/Ivan/ROS2-project/build/kaiju_ik/build/lib/kaiju_ik/kaiju_ik_node.py -> /home/ivan/Ivan/ROS2-project/install/kaiju_ik/lib/python3.12/site-packages/kaiju_ik
copying /home/ivan/Ivan/ROS2-project/build/kaiju_ik/build/lib/kaiju_ik/__init__.py -> /home/ivan/Ivan/ROS2-project/install/kaiju_ik/lib/python3.12/site-packages/kaiju_ik
copying /home/ivan/Ivan/ROS2-project/build/kaiju_ik/build/lib/kaiju_ik/target_spawner.py -> /home/ivan/Ivan/ROS2-project/install/kaiju_ik/lib/python3.12/site-packages/kaiju_ik
byte-compiling /home/ivan/Ivan/ROS2-project/install/kaiju_ik/lib/python3.12/site-packages/kaiju_ik/arm_overlay.py to arm_overlay.cpython-312.pyc
byte-compiling /home/ivan/Ivan/ROS2-project/install/kaiju_ik/lib/python3.12/site-packages/kaiju_ik/kaiju_ik_node.py to kaiju_ik_node.cpython-312.pyc
byte-compiling /home/ivan/Ivan/ROS2-project/install/kaiju_ik/lib/python3.12/site-packages/kaiju_ik/__init__.py to __init__.cpython-312.pyc
byte-compiling /home/ivan/Ivan/ROS2-project/install/kaiju_ik/lib/python3.12/site-packages/kaiju_ik/target_spawner.py to target_spawner.cpython-312.pyc
running install_data
copying resource/kaiju_ik -> /home/ivan/Ivan/ROS2-project/install/kaiju_ik/share/ament_index/resource_index/packages
copying package.xml -> /home/ivan/Ivan/ROS2-project/install/kaiju_ik/share/kaiju_ik
copying launch/kaiju_ik.launch.py -> /home/ivan/Ivan/ROS2-project/install/kaiju_ik/share/kaiju_ik/launch
running install_egg_info
Copying ../../build/kaiju_ik/kaiju_ik.egg-info to /home/ivan/Ivan/ROS2-project/install/kaiju_ik/lib/python3.12/site-packages/kaiju_ik-0.1.0-py3.12.egg-info
running install_scripts
Installing arm_overlay script to /home/ivan/Ivan/ROS2-project/install/kaiju_ik/lib/kaiju_ik
Installing kaiju_ik_node script to /home/ivan/Ivan/ROS2-project/install/kaiju_ik/lib/kaiju_ik
Installing target_mover script to /home/ivan/Ivan/ROS2-project/install/kaiju_ik/lib/kaiju_ik
writing list of installed files to '/home/ivan/Ivan/ROS2-project/build/kaiju_ik/install.log'
