[0.108s] DEBUG:colcon:Command line arguments: ['/usr/bin/colcon', 'build', '--packages-select', 'kaiju_ik', '--symlink-install']
[0.108s] DEBUG:colcon:Parsed command line arguments: Namespace(log_base=None, log_level=None, verb_name='build', build_base='build', install_base='install', merge_install=False, symlink_install=True, test_result_base=None, continue_on_error=False, executor='parallel', parallel_workers=2, event_handlers=None, ignore_user_meta=False, metas=['./colcon.meta'], base_paths=['.'], packages_ignore=None, packages_ignore_regex=None, paths=None, packages_up_to=None, packages_up_to_regex=None, packages_above=None, packages_above_and_dependencies=None, packages_above_depth=None, packages_select_by_dep=None, packages_skip_by_dep=None, packages_skip_up_to=None, packages_select_build_failed=False, packages_skip_build_finished=False, packages_select_test_failures=False, packages_skip_test_passed=False, packages_select=['kaiju_ik'], packages_skip=None, packages_select_regex=None, packages_skip_regex=None, packages_start=None, packages_end=None, allow_overriding=[], cmake_args=None, cmake_target=None, cmake_target_skip_unavailable=False, cmake_clean_cache=False, cmake_clean_first=False, cmake_force_configure=False, ament_cmake_args=None, catkin_cmake_args=None, catkin_skip_building_tests=False, mixin_files=None, mixin=None, verb_parser=<colcon_mixin.mixin.mixin_argument.MixinArgumentDecorator object at 0x773ba5ea27b0>, verb_extension=<colcon_core.verb.build.BuildVerb object at 0x773ba5ea2180>, main=<bound method BuildVerb.main of <colcon_core.verb.build.BuildVerb object at 0x773ba5ea2180>>, mixin_verb=('build',))
[0.215s] Level 1:colcon.colcon_core.package_discovery:discover_packages(colcon_meta) check parameters
[0.215s] Level 1:colcon.colcon_core.package_discovery:discover_packages(recursive) check parameters
[0.215s] Level 1:colcon.colcon_core.package_discovery:discover_packages(ignore) check parameters
[0.215s] Level 1:colcon.colcon_core.package_discovery:discover_packages(path) check parameters
[0.215s] Level 1:colcon.colcon_core.package_discovery:discover_packages(colcon_meta) discover
[0.215s] Level 1:colcon.colcon_core.package_discovery:discover_packages(recursive) discover
[0.215s] INFO:colcon.colcon_core.package_discovery:Crawling recursively for packages in '/home/ivan/Ivan/ROS2-project'
[0.216s] Level 1:colcon.colcon_core.package_identification:_identify(.) by extensions ['ignore', 'ignore_ament_install']
[0.216s] Level 1:colcon.colcon_core.package_identification:_identify(.) by extension 'ignore'
[0.216s] Level 1:colcon.colcon_core.package_identification:_identify(.) by extension 'ignore_ament_install'
[0.216s] Level 1:colcon.colcon_core.package_identification:_identify(.) by extensions ['colcon_pkg']
[0.216s] Level 1:colcon.colcon_core.package_identification:_identify(.) by extension 'colcon_pkg'
[0.216s] Level 1:colcon.colcon_core.package_identification:_identify(.) by extensions ['colcon_meta']
[0.216s] Level 1:colcon.colcon_core.package_identification:_identify(.) by extension 'colcon_meta'
[0.216s] Level 1:colcon.colcon_core.package_identification:_identify(.) by extensions ['ros']
[0.216s] Level 1:colcon.colcon_core.package_identification:_identify(.) by extension 'ros'
[0.244s] Level 1:colcon.colcon_core.package_identification:_identify(.) by extensions ['cmake', 'python']
[0.245s] Level 1:colcon.colcon_core.package_identification:_identify(.) by extension 'cmake'
[0.245s] Level 1:colcon.colcon_core.package_identification:_identify(.) by extension 'python'
[0.245s] Level 1:colcon.colcon_core.package_identification:_identify(.) by extensions ['python_setup_py']
[0.245s] Level 1:colcon.colcon_core.package_identification:_identify(.) by extension 'python_setup_py'
[0.245s] Level 1:colcon.colcon_core.package_identification:_identify(build) by extensions ['ignore', 'ignore_ament_install']
[0.245s] Level 1:colcon.colcon_core.package_identification:_identify(build) by extension 'ignore'
[0.245s] Level 1:colcon.colcon_core.package_identification:_identify(build) ignored
[0.245s] Level 1:colcon.colcon_core.package_identification:_identify(install) by extensions ['ignore', 'ignore_ament_install']
[0.245s] Level 1:colcon.colcon_core.package_identification:_identify(install) by extension 'ignore'
[0.245s] Level 1:colcon.colcon_core.package_identification:_identify(install) ignored
[0.245s] Level 1:colcon.colcon_core.package_identification:_identify(kaiju_ik_clean) by extensions ['ignore', 'ignore_ament_install']
[0.245s] Level 1:colcon.colcon_core.package_identification:_identify(kaiju_ik_clean) by extension 'ignore'
[0.245s] Level 1:colcon.colcon_core.package_identification:_identify(kaiju_ik_clean) by extension 'ignore_ament_install'
[0.245s] Level 1:colcon.colcon_core.package_identification:_identify(kaiju_ik_clean) by extensions ['colcon_pkg']
[0.245s] Level 1:colcon.colcon_core.package_identification:_identify(kaiju_ik_clean) by extension 'colcon_pkg'
[0.245s] Level 1:colcon.colcon_core.package_identification:_identify(kaiju_ik_clean) by extensions ['colcon_meta']
[0.245s] Level 1:colcon.colcon_core.package_identification:_identify(kaiju_ik_clean) by extension 'colcon_meta'
[0.245s] Level 1:colcon.colcon_core.package_identification:_identify(kaiju_ik_clean) by extensions ['ros']
[0.246s] Level 1:colcon.colcon_core.package_identification:_identify(kaiju_ik_clean) by extension 'ros'
[0.246s] Level 1:colcon.colcon_core.package_identification:_identify(kaiju_ik_clean) by extensions ['cmake', 'python']
[0.246s] Level 1:colcon.colcon_core.package_identification:_identify(kaiju_ik_clean) by extension 'cmake'
[0.246s] Level 1:colcon.colcon_core.package_identification:_identify(kaiju_ik_clean) by extension 'python'
[0.246s] Level 1:colcon.colcon_core.package_identification:_identify(kaiju_ik_clean) by extensions ['python_setup_py']
[0.246s] Level 1:colcon.colcon_core.package_identification:_identify(kaiju_ik_clean) by extension 'python_setup_py'
[0.246s] Level 1:colcon.colcon_core.package_identification:_identify(kaiju_ik_clean/kaiju_ik) by extensions ['ignore', 'ignore_ament_install']
[0.246s] Level 1:colcon.colcon_core.package_identification:_identify(kaiju_ik_clean/kaiju_ik) by extension 'ignore'
[0.246s] Level 1:colcon.colcon_core.package_identification:_identify(kaiju_ik_clean/kaiju_ik) by extension 'ignore_ament_install'
[0.246s] Level 1:colcon.colcon_core.package_identification:_identify(kaiju_ik_clean/kaiju_ik) by extensions ['colcon_pkg']
[0.246s] Level 1:colcon.colcon_core.package_identification:_identify(kaiju_ik_clean/kaiju_ik) by extension 'colcon_pkg'
[0.246s] Level 1:colcon.colcon_core.package_identification:_identify(kaiju_ik_clean/kaiju_ik) by extensions ['colcon_meta']
[0.247s] Level 1:colcon.colcon_core.package_identification:_identify(kaiju_ik_clean/kaiju_ik) by extension 'colcon_meta'
[0.247s] Level 1:colcon.colcon_core.package_identification:_identify(kaiju_ik_clean/kaiju_ik) by extensions ['ros']
[0.247s] Level 1:colcon.colcon_core.package_identification:_identify(kaiju_ik_clean/kaiju_ik) by extension 'ros'
[0.249s] DEBUG:colcon.colcon_core.package_identification:Package 'kaiju_ik_clean/kaiju_ik' with type 'ros.ament_python' and name 'kaiju_ik'
[0.250s] Level 1:colcon.colcon_core.package_identification:_identify(log) by extensions ['ignore', 'ignore_ament_install']
[0.250s] Level 1:colcon.colcon_core.package_identification:_identify(log) by extension 'ignore'
[0.250s] Level 1:colcon.colcon_core.package_identification:_identify(log) ignored
[0.250s] Level 1:colcon.colcon_core.package_discovery:discover_packages(recursive) using defaults
[0.250s] Level 1:colcon.colcon_core.package_discovery:discover_packages(ignore) discover
[0.250s] Level 1:colcon.colcon_core.package_discovery:discover_packages(ignore) using defaults
[0.250s] Level 1:colcon.colcon_core.package_discovery:discover_packages(path) discover
[0.250s] Level 1:colcon.colcon_core.package_discovery:discover_packages(path) using defaults
[0.268s] Level 1:colcon.colcon_core.package_discovery:discover_packages(prefix_path) check parameters
[0.268s] Level 1:colcon.colcon_core.package_discovery:discover_packages(prefix_path) discover
[0.270s] DEBUG:colcon.colcon_installed_package_information.package_discovery:Found 1 installed packages in /home/ivan/Ivan/ROS2-project/install
[0.271s] DEBUG:colcon.colcon_installed_package_information.package_discovery:Found 290 installed packages in /opt/ros/kilted
[0.271s] Level 1:colcon.colcon_core.package_discovery:discover_packages(prefix_path) using defaults
[0.297s] Level 5:colcon.colcon_core.verb:set package 'kaiju_ik' build argument 'cmake_args' from command line to 'None'
[0.297s] Level 5:colcon.colcon_core.verb:set package 'kaiju_ik' build argument 'cmake_target' from command line to 'None'
[0.298s] Level 5:colcon.colcon_core.verb:set package 'kaiju_ik' build argument 'cmake_target_skip_unavailable' from command line to 'False'
[0.298s] Level 5:colcon.colcon_core.verb:set package 'kaiju_ik' build argument 'cmake_clean_cache' from command line to 'False'
[0.298s] Level 5:colcon.colcon_core.verb:set package 'kaiju_ik' build argument 'cmake_clean_first' from command line to 'False'
[0.298s] Level 5:colcon.colcon_core.verb:set package 'kaiju_ik' build argument 'cmake_force_configure' from command line to 'False'
[0.298s] Level 5:colcon.colcon_core.verb:set package 'kaiju_ik' build argument 'ament_cmake_args' from command line to 'None'
[0.298s] Level 5:colcon.colcon_core.verb:set package 'kaiju_ik' build argument 'catkin_cmake_args' from command line to 'None'
[0.298s] Level 5:colcon.colcon_core.verb:set package 'kaiju_ik' build argument 'catkin_skip_building_tests' from command line to 'False'
[0.298s] DEBUG:colcon.colcon_core.verb:Building package 'kaiju_ik' with the following arguments: {'ament_cmake_args': None, 'build_base': '/home/ivan/Ivan/ROS2-project/build/kaiju_ik', 'catkin_cmake_args': None, 'catkin_skip_building_tests': False, 'cmake_args': None, 'cmake_clean_cache': False, 'cmake_clean_first': False, 'cmake_force_configure': False, 'cmake_target': None, 'cmake_target_skip_unavailable': False, 'install_base': '/home/ivan/Ivan/ROS2-project/install/kaiju_ik', 'merge_install': False, 'path': '/home/ivan/Ivan/ROS2-project/kaiju_ik_clean/kaiju_ik', 'symlink_install': True, 'test_result_base': None}
[0.298s] INFO:colcon.colcon_core.executor:Executing jobs using 'parallel' executor
[0.299s] DEBUG:colcon.colcon_parallel_executor.executor.parallel:run_until_complete
[0.299s] INFO:colcon.colcon_ros.task.ament_python.build:Building ROS package in '/home/ivan/Ivan/ROS2-project/kaiju_ik_clean/kaiju_ik' with build type 'ament_python'
[0.299s] Level 1:colcon.colcon_core.shell:create_environment_hook('kaiju_ik', 'ament_prefix_path')
[0.303s] INFO:colcon.colcon_core.plugin_system:Skipping extension 'colcon_core.shell.bat': Not used on non-Windows systems
[0.303s] INFO:colcon.colcon_core.shell:Creating environment hook '/home/ivan/Ivan/ROS2-project/install/kaiju_ik/share/kaiju_ik/hook/ament_prefix_path.ps1'
[0.303s] INFO:colcon.colcon_core.shell:Creating environment descriptor '/home/ivan/Ivan/ROS2-project/install/kaiju_ik/share/kaiju_ik/hook/ament_prefix_path.dsv'
[0.304s] INFO:colcon.colcon_core.shell:Creating environment hook '/home/ivan/Ivan/ROS2-project/install/kaiju_ik/share/kaiju_ik/hook/ament_prefix_path.sh'
[0.305s] INFO:colcon.colcon_core.shell:Skip shell extension 'powershell' for command environment: Not usable outside of PowerShell
[0.305s] DEBUG:colcon.colcon_core.shell:Skip shell extension 'dsv' for command environment
[0.606s] INFO:colcon.colcon_core.task.python.build:Building Python package in '/home/ivan/Ivan/ROS2-project/kaiju_ik_clean/kaiju_ik'
[0.606s] INFO:colcon.colcon_core.shell:Skip shell extension 'powershell' for command environment: Not usable outside of PowerShell
[0.606s] DEBUG:colcon.colcon_core.shell:Skip shell extension 'dsv' for command environment
[1.235s] DEBUG:colcon.colcon_core.task.python.build:While undoing a previous installation files outside the Python library path are being ignored: /home/ivan/Ivan/ROS2-project/install/kaiju_ik/share/ament_index/resource_index/packages/kaiju_ik
[1.235s] DEBUG:colcon.colcon_core.task.python.build:While undoing a previous installation files outside the Python library path are being ignored: /home/ivan/Ivan/ROS2-project/install/kaiju_ik/share/kaiju_ik/package.xml
[1.235s] DEBUG:colcon.colcon_core.task.python.build:While undoing a previous installation files outside the Python library path are being ignored: /home/ivan/Ivan/ROS2-project/install/kaiju_ik/share/kaiju_ik/launch/kaiju_ik.launch.py
[1.236s] DEBUG:colcon.colcon_core.task.python.build:While undoing a previous installation files outside the Python library path are being ignored: /home/ivan/Ivan/ROS2-project/install/kaiju_ik/lib/kaiju_ik/arm_overlay
[1.236s] DEBUG:colcon.colcon_core.task.python.build:While undoing a previous installation files outside the Python library path are being ignored: /home/ivan/Ivan/ROS2-project/install/kaiju_ik/lib/kaiju_ik/kaiju_ik_node
[1.236s] DEBUG:colcon.colcon_core.task.python.build:While undoing a previous installation files outside the Python library path are being ignored: /home/ivan/Ivan/ROS2-project/install/kaiju_ik/lib/kaiju_ik/target_mover
[1.240s] DEBUG:colcon.colcon_core.event_handler.log_command:Invoking command in '/home/ivan/Ivan/ROS2-project/build/kaiju_ik': DEBUGINFOD_URLS=https://debuginfod.ubuntu.com PYTHONPATH=/home/ivan/Ivan/ROS2-project/build/kaiju_ik/prefix_override:/usr/lib/python3/dist-packages/colcon_core/task/python/colcon_distutils_commands:/home/ivan/Ivan/ROS2-project/install/kaiju_ik/lib/python3.12/site-packages:${PYTHONPATH} /usr/bin/python3 -W ignore:setup.py install is deprecated -W ignore:easy_install command is deprecated setup.py develop --editable --build-directory /home/ivan/Ivan/ROS2-project/build/kaiju_ik/build --no-deps symlink_data --force
[1.841s] Level 1:colcon.colcon_core.shell:create_environment_hook('kaiju_ik', 'pythonpath_develop')
[1.842s] INFO:colcon.colcon_core.shell:Creating environment hook '/home/ivan/Ivan/ROS2-project/build/kaiju_ik/share/kaiju_ik/hook/pythonpath_develop.ps1'
[1.842s] INFO:colcon.colcon_core.shell:Creating environment descriptor '/home/ivan/Ivan/ROS2-project/build/kaiju_ik/share/kaiju_ik/hook/pythonpath_develop.dsv'
[1.843s] INFO:colcon.colcon_core.shell:Creating environment hook '/home/ivan/Ivan/ROS2-project/build/kaiju_ik/share/kaiju_ik/hook/pythonpath_develop.sh'
[1.844s] DEBUG:colcon.colcon_core.event_handler.log_command:Invoked command in '/home/ivan/Ivan/ROS2-project/build/kaiju_ik' returned '0': DEBUGINFOD_URLS=https://debuginfod.ubuntu.com PYTHONPATH=/home/ivan/Ivan/ROS2-project/build/kaiju_ik/prefix_override:/usr/lib/python3/dist-packages/colcon_core/task/python/colcon_distutils_commands:/home/ivan/Ivan/ROS2-project/install/kaiju_ik/lib/python3.12/site-packages:${PYTHONPATH} /usr/bin/python3 -W ignore:setup.py install is deprecated -W ignore:easy_install command is deprecated setup.py develop --editable --build-directory /home/ivan/Ivan/ROS2-project/build/kaiju_ik/build --no-deps symlink_data --force
[1.845s] Level 1:colcon.colcon_core.environment:checking '/home/ivan/Ivan/ROS2-project/install/kaiju_ik' for CMake module files
[1.846s] Level 1:colcon.colcon_core.environment:checking '/home/ivan/Ivan/ROS2-project/install/kaiju_ik' for CMake config files
[1.847s] Level 1:colcon.colcon_core.environment:checking '/home/ivan/Ivan/ROS2-project/install/kaiju_ik/lib'
[1.847s] Level 1:colcon.colcon_core.environment:checking '/home/ivan/Ivan/ROS2-project/install/kaiju_ik/bin'
[1.847s] Level 1:colcon.colcon_core.environment:checking '/home/ivan/Ivan/ROS2-project/install/kaiju_ik/lib/pkgconfig/kaiju_ik.pc'
[1.847s] Level 1:colcon.colcon_core.environment:checking '/home/ivan/Ivan/ROS2-project/install/kaiju_ik/lib/python3.12/site-packages'
[1.847s] Level 1:colcon.colcon_core.shell:create_environment_hook('kaiju_ik', 'pythonpath')
[1.847s] INFO:colcon.colcon_core.shell:Creating environment hook '/home/ivan/Ivan/ROS2-project/install/kaiju_ik/share/kaiju_ik/hook/pythonpath.ps1'
[1.848s] INFO:colcon.colcon_core.shell:Creating environment descriptor '/home/ivan/Ivan/ROS2-project/install/kaiju_ik/share/kaiju_ik/hook/pythonpath.dsv'
[1.849s] INFO:colcon.colcon_core.shell:Creating environment hook '/home/ivan/Ivan/ROS2-project/install/kaiju_ik/share/kaiju_ik/hook/pythonpath.sh'
[1.850s] Level 1:colcon.colcon_core.environment:checking '/home/ivan/Ivan/ROS2-project/install/kaiju_ik/bin'
[1.850s] Level 1:colcon.colcon_core.environment:create_environment_scripts_only(kaiju_ik)
[1.850s] INFO:colcon.colcon_core.shell:Creating package script '/home/ivan/Ivan/ROS2-project/install/kaiju_ik/share/kaiju_ik/package.ps1'
[1.851s] INFO:colcon.colcon_core.shell:Creating package descriptor '/home/ivan/Ivan/ROS2-project/install/kaiju_ik/share/kaiju_ik/package.dsv'
[1.851s] INFO:colcon.colcon_core.shell:Creating package script '/home/ivan/Ivan/ROS2-project/install/kaiju_ik/share/kaiju_ik/package.sh'
[1.852s] INFO:colcon.colcon_core.shell:Creating package script '/home/ivan/Ivan/ROS2-project/install/kaiju_ik/share/kaiju_ik/package.bash'
[1.853s] INFO:colcon.colcon_core.shell:Creating package script '/home/ivan/Ivan/ROS2-project/install/kaiju_ik/share/kaiju_ik/package.zsh'
[1.854s] Level 1:colcon.colcon_core.environment:create_file_with_runtime_dependencies(/home/ivan/Ivan/ROS2-project/install/kaiju_ik/share/colcon-core/packages/kaiju_ik)
[1.854s] DEBUG:colcon.colcon_parallel_executor.executor.parallel:closing loop
[1.854s] DEBUG:colcon.colcon_parallel_executor.executor.parallel:loop closed
[1.854s] DEBUG:colcon.colcon_parallel_executor.executor.parallel:run_until_complete finished with '0'
[1.855s] DEBUG:colcon.colcon_core.event_reactor:joining thread
[1.861s] INFO:colcon.colcon_core.plugin_system:Skipping extension 'colcon_notification.desktop_notification.terminal_notifier': Not used on non-Darwin systems
[1.861s] INFO:colcon.colcon_core.plugin_system:Skipping extension 'colcon_notification.desktop_notification.win32': Not used on non-Windows systems
[1.861s] INFO:colcon.colcon_notification.desktop_notification:Sending desktop notification using 'notify2'
[1.879s] DEBUG:colcon.colcon_core.event_reactor:joined thread
[1.879s] INFO:colcon.colcon_core.shell:Creating prefix script '/home/ivan/Ivan/ROS2-project/install/local_setup.ps1'
[1.880s] INFO:colcon.colcon_core.shell:Creating prefix util module '/home/ivan/Ivan/ROS2-project/install/_local_setup_util_ps1.py'
[1.881s] INFO:colcon.colcon_core.shell:Creating prefix chain script '/home/ivan/Ivan/ROS2-project/install/setup.ps1'
[1.882s] INFO:colcon.colcon_core.shell:Creating prefix script '/home/ivan/Ivan/ROS2-project/install/local_setup.sh'
[1.883s] INFO:colcon.colcon_core.shell:Creating prefix util module '/home/ivan/Ivan/ROS2-project/install/_local_setup_util_sh.py'
[1.883s] INFO:colcon.colcon_core.shell:Creating prefix chain script '/home/ivan/Ivan/ROS2-project/install/setup.sh'
[1.884s] INFO:colcon.colcon_core.shell:Creating prefix script '/home/ivan/Ivan/ROS2-project/install/local_setup.bash'
[1.885s] INFO:colcon.colcon_core.shell:Creating prefix chain script '/home/ivan/Ivan/ROS2-project/install/setup.bash'
[1.885s] INFO:colcon.colcon_core.shell:Creating prefix script '/home/ivan/Ivan/ROS2-project/install/local_setup.zsh'
[1.886s] INFO:colcon.colcon_core.shell:Creating prefix chain script '/home/ivan/Ivan/ROS2-project/install/setup.zsh'
