[0.116s] DEBUG:colcon:Command line arguments: ['/usr/bin/colcon', 'build', '--packages-select', 'kaiju_ik', '--symlink-install']
[0.116s] DEBUG:colcon:Parsed command line arguments: Namespace(log_base=None, log_level=None, verb_name='build', build_base='build', install_base='install', merge_install=False, symlink_install=True, test_result_base=None, continue_on_error=False, executor='parallel', parallel_workers=2, event_handlers=None, ignore_user_meta=False, metas=['./colcon.meta'], base_paths=['.'], packages_ignore=None, packages_ignore_regex=None, paths=None, packages_up_to=None, packages_up_to_regex=None, packages_above=None, packages_above_and_dependencies=None, packages_above_depth=None, packages_select_by_dep=None, packages_skip_by_dep=None, packages_skip_up_to=None, packages_select_build_failed=False, packages_skip_build_finished=False, packages_select_test_failures=False, packages_skip_test_passed=False, packages_select=['kaiju_ik'], packages_skip=None, packages_select_regex=None, packages_skip_regex=None, packages_start=None, packages_end=None, allow_overriding=[], cmake_args=None, cmake_target=None, cmake_target_skip_unavailable=False, cmake_clean_cache=False, cmake_clean_first=False, cmake_force_configure=False, ament_cmake_args=None, catkin_cmake_args=None, catkin_skip_building_tests=False, mixin_files=None, mixin=None, verb_parser=<colcon_mixin.mixin.mixin_argument.MixinArgumentDecorator object at 0x7330efa8a510>, verb_extension=<colcon_core.verb.build.BuildVerb object at 0x7330efa89e50>, main=<bound method BuildVerb.main of <colcon_core.verb.build.BuildVerb object at 0x7330efa89e50>>, mixin_verb=('build',))
[0.227s] Level 1:colcon.colcon_core.package_discovery:discover_packages(colcon_meta) check parameters
[0.227s] Level 1:colcon.colcon_core.package_discovery:discover_packages(recursive) check parameters
[0.227s] Level 1:colcon.colcon_core.package_discovery:discover_packages(ignore) check parameters
[0.227s] Level 1:colcon.colcon_core.package_discovery:discover_packages(path) check parameters
[0.227s] Level 1:colcon.colcon_core.package_discovery:discover_packages(colcon_meta) discover
[0.227s] Level 1:colcon.colcon_core.package_discovery:discover_packages(recursive) discover
[0.227s] INFO:colcon.colcon_core.package_discovery:Crawling recursively for packages in '/home/ivan/Ivan/ROS2-project'
[0.227s] Level 1:colcon.colcon_core.package_identification:_identify(.) by extensions ['ignore', 'ignore_ament_install']
[0.227s] Level 1:colcon.colcon_core.package_identification:_identify(.) by extension 'ignore'
[0.227s] Level 1:colcon.colcon_core.package_identification:_identify(.) by extension 'ignore_ament_install'
[0.227s] Level 1:colcon.colcon_core.package_identification:_identify(.) by extensions ['colcon_pkg']
[0.227s] Level 1:colcon.colcon_core.package_identification:_identify(.) by extension 'colcon_pkg'
[0.227s] Level 1:colcon.colcon_core.package_identification:_identify(.) by extensions ['colcon_meta']
[0.227s] Level 1:colcon.colcon_core.package_identification:_identify(.) by extension 'colcon_meta'
[0.227s] Level 1:colcon.colcon_core.package_identification:_identify(.) by extensions ['ros']
[0.227s] Level 1:colcon.colcon_core.package_identification:_identify(.) by extension 'ros'
[0.250s] Level 1:colcon.colcon_core.package_identification:_identify(.) by extensions ['cmake', 'python']
[0.250s] Level 1:colcon.colcon_core.package_identification:_identify(.) by extension 'cmake'
[0.250s] Level 1:colcon.colcon_core.package_identification:_identify(.) by extension 'python'
[0.250s] Level 1:colcon.colcon_core.package_identification:_identify(.) by extensions ['python_setup_py']
[0.250s] Level 1:colcon.colcon_core.package_identification:_identify(.) by extension 'python_setup_py'
[0.250s] Level 1:colcon.colcon_core.package_identification:_identify(build) by extensions ['ignore', 'ignore_ament_install']
[0.250s] Level 1:colcon.colcon_core.package_identification:_identify(build) by extension 'ignore'
[0.251s] Level 1:colcon.colcon_core.package_identification:_identify(build) ignored
[0.251s] Level 1:colcon.colcon_core.package_identification:_identify(install) by extensions ['ignore', 'ignore_ament_install']
[0.251s] Level 1:colcon.colcon_core.package_identification:_identify(install) by extension 'ignore'
[0.251s] Level 1:colcon.colcon_core.package_identification:_identify(install) ignored
[0.251s] Level 1:colcon.colcon_core.package_identification:_identify(kaiju_ik_clean) by extensions ['ignore', 'ignore_ament_install']
[0.251s] Level 1:colcon.colcon_core.package_identification:_identify(kaiju_ik_clean) by extension 'ignore'
[0.251s] Level 1:colcon.colcon_core.package_identification:_identify(kaiju_ik_clean) by extension 'ignore_ament_install'
[0.251s] Level 1:colcon.colcon_core.package_identification:_identify(kaiju_ik_clean) by extensions ['colcon_pkg']
[0.251s] Level 1:colcon.colcon_core.package_identification:_identify(kaiju_ik_clean) by extension 'colcon_pkg'
[0.251s] Level 1:colcon.colcon_core.package_identification:_identify(kaiju_ik_clean) by extensions ['colcon_meta']
[0.251s] Level 1:colcon.colcon_core.package_identification:_identify(kaiju_ik_clean) by extension 'colcon_meta'
[0.251s] Level 1:colcon.colcon_core.package_identification:_identify(kaiju_ik_clean) by extensions ['ros']
[0.251s] Level 1:colcon.colcon_core.package_identification:_identify(kaiju_ik_clean) by extension 'ros'
[0.251s] Level 1:colcon.colcon_core.package_identification:_identify(kaiju_ik_clean) by extensions ['cmake', 'python']
[0.251s] Level 1:colcon.colcon_core.package_identification:_identify(kaiju_ik_clean) by extension 'cmake'
[0.252s] Level 1:colcon.colcon_core.package_identification:_identify(kaiju_ik_clean) by extension 'python'
[0.252s] Level 1:colcon.colcon_core.package_identification:_identify(kaiju_ik_clean) by extensions ['python_setup_py']
[0.252s] Level 1:colcon.colcon_core.package_identification:_identify(kaiju_ik_clean) by extension 'python_setup_py'
[0.252s] Level 1:colcon.colcon_core.package_identification:_identify(kaiju_ik_clean/kaiju_ik) by extensions ['ignore', 'ignore_ament_install']
[0.252s] Level 1:colcon.colcon_core.package_identification:_identify(kaiju_ik_clean/kaiju_ik) by extension 'ignore'
[0.252s] Level 1:colcon.colcon_core.package_identification:_identify(kaiju_ik_clean/kaiju_ik) by extension 'ignore_ament_install'
[0.252s] Level 1:colcon.colcon_core.package_identification:_identify(kaiju_ik_clean/kaiju_ik) by extensions ['colcon_pkg']
[0.252s] Level 1:colcon.colcon_core.package_identification:_identify(kaiju_ik_clean/kaiju_ik) by extension 'colcon_pkg'
[0.252s] Level 1:colcon.colcon_core.package_identification:_identify(kaiju_ik_clean/kaiju_ik) by extensions ['colcon_meta']
[0.252s] Level 1:colcon.colcon_core.package_identification:_identify(kaiju_ik_clean/kaiju_ik) by extension 'colcon_meta'
[0.252s] Level 1:colcon.colcon_core.package_identification:_identify(kaiju_ik_clean/kaiju_ik) by extensions ['ros']
[0.252s] Level 1:colcon.colcon_core.package_identification:_identify(kaiju_ik_clean/kaiju_ik) by extension 'ros'
[0.255s] DEBUG:colcon.colcon_core.package_identification:Package 'kaiju_ik_clean/kaiju_ik' with type 'ros.ament_python' and name 'kaiju_ik'
[0.255s] Level 1:colcon.colcon_core.package_identification:_identify(log) by extensions ['ignore', 'ignore_ament_install']
[0.255s] Level 1:colcon.colcon_core.package_identification:_identify(log) by extension 'ignore'
[0.255s] Level 1:colcon.colcon_core.package_identification:_identify(log) ignored
[0.255s] Level 1:colcon.colcon_core.package_discovery:discover_packages(recursive) using defaults
[0.256s] Level 1:colcon.colcon_core.package_discovery:discover_packages(ignore) discover
[0.256s] Level 1:colcon.colcon_core.package_discovery:discover_packages(ignore) using defaults
[0.256s] Level 1:colcon.colcon_core.package_discovery:discover_packages(path) discover
[0.256s] Level 1:colcon.colcon_core.package_discovery:discover_packages(path) using defaults
[0.271s] Level 1:colcon.colcon_core.package_discovery:discover_packages(prefix_path) check parameters
[0.271s] Level 1:colcon.colcon_core.package_discovery:discover_packages(prefix_path) discover
[0.274s] DEBUG:colcon.colcon_installed_package_information.package_discovery:Found 1 installed packages in /home/ivan/Ivan/ROS2-project/install
[0.276s] DEBUG:colcon.colcon_installed_package_information.package_discovery:Found 290 installed packages in /opt/ros/kilted
[0.276s] Level 1:colcon.colcon_core.package_discovery:discover_packages(prefix_path) using defaults
[0.336s] Level 5:colcon.colcon_core.verb:set package 'kaiju_ik' build argument 'cmake_args' from command line to 'None'
[0.336s] Level 5:colcon.colcon_core.verb:set package 'kaiju_ik' build argument 'cmake_target' from command line to 'None'
[0.336s] Level 5:colcon.colcon_core.verb:set package 'kaiju_ik' build argument 'cmake_target_skip_unavailable' from command line to 'False'
[0.336s] Level 5:colcon.colcon_core.verb:set package 'kaiju_ik' build argument 'cmake_clean_cache' from command line to 'False'
[0.336s] Level 5:colcon.colcon_core.verb:set package 'kaiju_ik' build argument 'cmake_clean_first' from command line to 'False'
[0.336s] Level 5:colcon.colcon_core.verb:set package 'kaiju_ik' build argument 'cmake_force_configure' from command line to 'False'
[0.336s] Level 5:colcon.colcon_core.verb:set package 'kaiju_ik' build argument 'ament_cmake_args' from command line to 'None'
[0.336s] Level 5:colcon.colcon_core.verb:set package 'kaiju_ik' build argument 'catkin_cmake_args' from command line to 'None'
[0.336s] Level 5:colcon.colcon_core.verb:set package 'kaiju_ik' build argument 'catkin_skip_building_tests' from command line to 'False'
[0.336s] DEBUG:colcon.colcon_core.verb:Building package 'kaiju_ik' with the following arguments: {'ament_cmake_args': None, 'build_base': '/home/ivan/Ivan/ROS2-project/build/kaiju_ik', 'catkin_cmake_args': None, 'catkin_skip_building_tests': False, 'cmake_args': None, 'cmake_clean_cache': False, 'cmake_clean_first': False, 'cmake_force_configure': False, 'cmake_target': None, 'cmake_target_skip_unavailable': False, 'install_base': '/home/ivan/Ivan/ROS2-project/install/kaiju_ik', 'merge_install': False, 'path': '/home/ivan/Ivan/ROS2-project/kaiju_ik_clean/kaiju_ik', 'symlink_install': True, 'test_result_base': None}
[0.336s] INFO:colcon.colcon_core.executor:Executing jobs using 'parallel' executor
[0.337s] DEBUG:colcon.colcon_parallel_executor.executor.parallel:run_until_complete
[0.337s] INFO:colcon.colcon_ros.task.ament_python.build:Building ROS package in '/home/ivan/Ivan/ROS2-project/kaiju_ik_clean/kaiju_ik' with build type 'ament_python'
[0.337s] Level 1:colcon.colcon_core.shell:create_environment_hook('kaiju_ik', 'ament_prefix_path')
[0.348s] INFO:colcon.colcon_core.plugin_system:Skipping extension 'colcon_core.shell.bat': Not used on non-Windows systems
[0.348s] INFO:colcon.colcon_core.shell:Creating environment hook '/home/ivan/Ivan/ROS2-project/install/kaiju_ik/share/kaiju_ik/hook/ament_prefix_path.ps1'
[0.349s] INFO:colcon.colcon_core.shell:Creating environment descriptor '/home/ivan/Ivan/ROS2-project/install/kaiju_ik/share/kaiju_ik/hook/ament_prefix_path.dsv'
[0.349s] INFO:colcon.colcon_core.shell:Creating environment hook '/home/ivan/Ivan/ROS2-project/install/kaiju_ik/share/kaiju_ik/hook/ament_prefix_path.sh'
[0.350s] INFO:colcon.colcon_core.shell:Skip shell extension 'powershell' for command environment: Not usable outside of PowerShell
[0.350s] DEBUG:colcon.colcon_core.shell:Skip shell extension 'dsv' for command environment
[0.622s] INFO:colcon.colcon_core.task.python.build:Building Python package in '/home/ivan/Ivan/ROS2-project/kaiju_ik_clean/kaiju_ik'
[0.622s] INFO:colcon.colcon_core.shell:Skip shell extension 'powershell' for command environment: Not usable outside of PowerShell
[0.622s] DEBUG:colcon.colcon_core.shell:Skip shell extension 'dsv' for command environment
[1.528s] DEBUG:colcon.colcon_core.event_handler.log_command:Invoking command in '/home/ivan/Ivan/ROS2-project/build/kaiju_ik': DEBUGINFOD_URLS=https://debuginfod.ubuntu.com PYTHONPATH=/home/ivan/Ivan/ROS2-project/build/kaiju_ik/prefix_override:/usr/lib/python3/dist-packages/colcon_core/task/python/colcon_distutils_commands:/home/ivan/Ivan/ROS2-project/install/kaiju_ik/lib/python3.12/site-packages:${PYTHONPATH} /usr/bin/python3 -W ignore:setup.py install is deprecated -W ignore:easy_install command is deprecated setup.py develop --editable --build-directory /home/ivan/Ivan/ROS2-project/build/kaiju_ik/build --no-deps symlink_data
[2.104s] Level 1:colcon.colcon_core.shell:create_environment_hook('kaiju_ik', 'pythonpath_develop')
[2.104s] DEBUG:colcon.colcon_core.event_handler.log_command:Invoked command in '/home/ivan/Ivan/ROS2-project/build/kaiju_ik' returned '0': DEBUGINFOD_URLS=https://debuginfod.ubuntu.com PYTHONPATH=/home/ivan/Ivan/ROS2-project/build/kaiju_ik/prefix_override:/usr/lib/python3/dist-packages/colcon_core/task/python/colcon_distutils_commands:/home/ivan/Ivan/ROS2-project/install/kaiju_ik/lib/python3.12/site-packages:${PYTHONPATH} /usr/bin/python3 -W ignore:setup.py install is deprecated -W ignore:easy_install command is deprecated setup.py develop --editable --build-directory /home/ivan/Ivan/ROS2-project/build/kaiju_ik/build --no-deps symlink_data
[2.105s] INFO:colcon.colcon_core.shell:Creating environment hook '/home/ivan/Ivan/ROS2-project/build/kaiju_ik/share/kaiju_ik/hook/pythonpath_develop.ps1'
[2.106s] INFO:colcon.colcon_core.shell:Creating environment descriptor '/home/ivan/Ivan/ROS2-project/build/kaiju_ik/share/kaiju_ik/hook/pythonpath_develop.dsv'
[2.106s] INFO:colcon.colcon_core.shell:Creating environment hook '/home/ivan/Ivan/ROS2-project/build/kaiju_ik/share/kaiju_ik/hook/pythonpath_develop.sh'
[2.111s] Level 1:colcon.colcon_core.environment:checking '/home/ivan/Ivan/ROS2-project/install/kaiju_ik' for CMake module files
[2.112s] Level 1:colcon.colcon_core.environment:checking '/home/ivan/Ivan/ROS2-project/install/kaiju_ik' for CMake config files
[2.114s] Level 1:colcon.colcon_core.environment:checking '/home/ivan/Ivan/ROS2-project/install/kaiju_ik/lib'
[2.114s] Level 1:colcon.colcon_core.environment:checking '/home/ivan/Ivan/ROS2-project/install/kaiju_ik/bin'
[2.114s] Level 1:colcon.colcon_core.environment:checking '/home/ivan/Ivan/ROS2-project/install/kaiju_ik/lib/pkgconfig/kaiju_ik.pc'
[2.114s] Level 1:colcon.colcon_core.environment:checking '/home/ivan/Ivan/ROS2-project/install/kaiju_ik/lib/python3.12/site-packages'
[2.114s] Level 1:colcon.colcon_core.shell:create_environment_hook('kaiju_ik', 'pythonpath')
[2.114s] INFO:colcon.colcon_core.shell:Creating environment hook '/home/ivan/Ivan/ROS2-project/install/kaiju_ik/share/kaiju_ik/hook/pythonpath.ps1'
[2.115s] INFO:colcon.colcon_core.shell:Creating environment descriptor '/home/ivan/Ivan/ROS2-project/install/kaiju_ik/share/kaiju_ik/hook/pythonpath.dsv'
[2.115s] INFO:colcon.colcon_core.shell:Creating environment hook '/home/ivan/Ivan/ROS2-project/install/kaiju_ik/share/kaiju_ik/hook/pythonpath.sh'
[2.116s] Level 1:colcon.colcon_core.environment:checking '/home/ivan/Ivan/ROS2-project/install/kaiju_ik/bin'
[2.116s] Level 1:colcon.colcon_core.environment:create_environment_scripts_only(kaiju_ik)
[2.116s] INFO:colcon.colcon_core.shell:Creating package script '/home/ivan/Ivan/ROS2-project/install/kaiju_ik/share/kaiju_ik/package.ps1'
[2.117s] INFO:colcon.colcon_core.shell:Creating package descriptor '/home/ivan/Ivan/ROS2-project/install/kaiju_ik/share/kaiju_ik/package.dsv'
[2.118s] INFO:colcon.colcon_core.shell:Creating package script '/home/ivan/Ivan/ROS2-project/install/kaiju_ik/share/kaiju_ik/package.sh'
[2.119s] INFO:colcon.colcon_core.shell:Creating package script '/home/ivan/Ivan/ROS2-project/install/kaiju_ik/share/kaiju_ik/package.bash'
[2.120s] INFO:colcon.colcon_core.shell:Creating package script '/home/ivan/Ivan/ROS2-project/install/kaiju_ik/share/kaiju_ik/package.zsh'
[2.121s] Level 1:colcon.colcon_core.environment:create_file_with_runtime_dependencies(/home/ivan/Ivan/ROS2-project/install/kaiju_ik/share/colcon-core/packages/kaiju_ik)
[2.121s] DEBUG:colcon.colcon_parallel_executor.executor.parallel:closing loop
[2.122s] DEBUG:colcon.colcon_parallel_executor.executor.parallel:loop closed
[2.122s] DEBUG:colcon.colcon_parallel_executor.executor.parallel:run_until_complete finished with '0'
[2.122s] DEBUG:colcon.colcon_core.event_reactor:joining thread
[2.132s] INFO:colcon.colcon_core.plugin_system:Skipping extension 'colcon_notification.desktop_notification.terminal_notifier': Not used on non-Darwin systems
[2.132s] INFO:colcon.colcon_core.plugin_system:Skipping extension 'colcon_notification.desktop_notification.win32': Not used on non-Windows systems
[2.132s] INFO:colcon.colcon_notification.desktop_notification:Sending desktop notification using 'notify2'
[2.145s] DEBUG:colcon.colcon_core.event_reactor:joined thread
[2.146s] INFO:colcon.colcon_core.shell:Creating prefix script '/home/ivan/Ivan/ROS2-project/install/local_setup.ps1'
[2.147s] INFO:colcon.colcon_core.shell:Creating prefix util module '/home/ivan/Ivan/ROS2-project/install/_local_setup_util_ps1.py'
[2.148s] INFO:colcon.colcon_core.shell:Creating prefix chain script '/home/ivan/Ivan/ROS2-project/install/setup.ps1'
[2.150s] INFO:colcon.colcon_core.shell:Creating prefix script '/home/ivan/Ivan/ROS2-project/install/local_setup.sh'
[2.150s] INFO:colcon.colcon_core.shell:Creating prefix util module '/home/ivan/Ivan/ROS2-project/install/_local_setup_util_sh.py'
[2.151s] INFO:colcon.colcon_core.shell:Creating prefix chain script '/home/ivan/Ivan/ROS2-project/install/setup.sh'
[2.152s] INFO:colcon.colcon_core.shell:Creating prefix script '/home/ivan/Ivan/ROS2-project/install/local_setup.bash'
[2.153s] INFO:colcon.colcon_core.shell:Creating prefix chain script '/home/ivan/Ivan/ROS2-project/install/setup.bash'
[2.155s] INFO:colcon.colcon_core.shell:Creating prefix script '/home/ivan/Ivan/ROS2-project/install/local_setup.zsh'
[2.156s] INFO:colcon.colcon_core.shell:Creating prefix chain script '/home/ivan/Ivan/ROS2-project/install/setup.zsh'
