running develop
running egg_info
creating kaiju_ik.egg-info
writing kaiju_ik.egg-info/PKG-INFO
writing dependency_links to kaiju_ik.egg-info/dependency_links.txt
writing entry points to kaiju_ik.egg-info/entry_points.txt
writing requirements to kaiju_ik.egg-info/requires.txt
writing top-level names to kaiju_ik.egg-info/top_level.txt
writing manifest file 'kaiju_ik.egg-info/SOURCES.txt'
reading manifest file 'kaiju_ik.egg-info/SOURCES.txt'
writing manifest file 'kaiju_ik.egg-info/SOURCES.txt'
running build_ext
Creating /home/ivan/Ivan/ROS2-project/install/kaiju_ik/lib/python3.12/site-packages/kaiju-ik.egg-link (link to .)
Installing kaiju_ik_node script to /home/ivan/Ivan/ROS2-project/install/kaiju_ik/lib/kaiju_ik
Installing target_mover script to /home/ivan/Ivan/ROS2-project/install/kaiju_ik/lib/kaiju_ik

Installed /home/ivan/Ivan/ROS2-project/build/kaiju_ik
running symlink_data
creating /home/ivan/Ivan/ROS2-project/install/kaiju_ik/share/ament_index
creating /home/ivan/Ivan/ROS2-project/install/kaiju_ik/share/ament_index/resource_index
creating /home/ivan/Ivan/ROS2-project/install/kaiju_ik/share/ament_index/resource_index/packages
symbolically linking /home/ivan/Ivan/ROS2-project/build/kaiju_ik/resource/kaiju_ik -> /home/ivan/Ivan/ROS2-project/install/kaiju_ik/share/ament_index/resource_index/packages
symbolically linking /home/ivan/Ivan/ROS2-project/build/kaiju_ik/package.xml -> /home/ivan/Ivan/ROS2-project/install/kaiju_ik/share/kaiju_ik
creating /home/ivan/Ivan/ROS2-project/install/kaiju_ik/share/kaiju_ik/launch
symbolically linking /home/ivan/Ivan/ROS2-project/build/kaiju_ik/launch/kaiju_ik.launch.py -> /home/ivan/Ivan/ROS2-project/install/kaiju_ik/share/kaiju_ik/launch
