[0.947s] Invoking command in '/home/ivan/Ivan/ROS2-project/build/kaiju_ik': DEBUGINFOD_URLS=https://debuginfod.ubuntu.com PYTHONPATH=/home/ivan/Ivan/ROS2-project/build/kaiju_ik/prefix_override:/usr/lib/python3/dist-packages/colcon_core/task/python/colcon_distutils_commands:/home/ivan/Ivan/ROS2-project/install/kaiju_ik/lib/python3.12/site-packages:${PYTHONPATH} /usr/bin/python3 -W ignore:setup.py install is deprecated -W ignore:easy_install command is deprecated setup.py develop --editable --build-directory /home/ivan/Ivan/ROS2-project/build/kaiju_ik/build --no-deps symlink_data
[1.296s] running develop
[1.447s] running egg_info
[1.448s] creating kaiju_ik.egg-info
[1.462s] writing kaiju_ik.egg-info/PKG-INFO
[1.462s] writing dependency_links to kaiju_ik.egg-info/dependency_links.txt
[1.462s] writing entry points to kaiju_ik.egg-info/entry_points.txt
[1.462s] writing requirements to kaiju_ik.egg-info/requires.txt
[1.462s] writing top-level names to kaiju_ik.egg-info/top_level.txt
[1.462s] writing manifest file 'kaiju_ik.egg-info/SOURCES.txt'
[1.492s] reading manifest file 'kaiju_ik.egg-info/SOURCES.txt'
[1.492s] writing manifest file 'kaiju_ik.egg-info/SOURCES.txt'
[1.514s] running build_ext
[1.516s] Creating /home/ivan/Ivan/ROS2-project/install/kaiju_ik/lib/python3.12/site-packages/kaiju-ik.egg-link (link to .)
[1.517s] Installing kaiju_ik_node script to /home/ivan/Ivan/ROS2-project/install/kaiju_ik/lib/kaiju_ik
[1.517s] Installing target_mover script to /home/ivan/Ivan/ROS2-project/install/kaiju_ik/lib/kaiju_ik
[1.517s] 
[1.517s] Installed /home/ivan/Ivan/ROS2-project/build/kaiju_ik
[1.517s] running symlink_data
[1.517s] creating /home/ivan/Ivan/ROS2-project/install/kaiju_ik/share/ament_index
[1.517s] creating /home/ivan/Ivan/ROS2-project/install/kaiju_ik/share/ament_index/resource_index
[1.517s] creating /home/ivan/Ivan/ROS2-project/install/kaiju_ik/share/ament_index/resource_index/packages
[1.517s] symbolically linking /home/ivan/Ivan/ROS2-project/build/kaiju_ik/resource/kaiju_ik -> /home/ivan/Ivan/ROS2-project/install/kaiju_ik/share/ament_index/resource_index/packages
[1.517s] symbolically linking /home/ivan/Ivan/ROS2-project/build/kaiju_ik/package.xml -> /home/ivan/Ivan/ROS2-project/install/kaiju_ik/share/kaiju_ik
[1.517s] creating /home/ivan/Ivan/ROS2-project/install/kaiju_ik/share/kaiju_ik/launch
[1.517s] symbolically linking /home/ivan/Ivan/ROS2-project/build/kaiju_ik/launch/kaiju_ik.launch.py -> /home/ivan/Ivan/ROS2-project/install/kaiju_ik/share/kaiju_ik/launch
[1.544s] Invoked command in '/home/ivan/Ivan/ROS2-project/build/kaiju_ik' returned '0': DEBUGINFOD_URLS=https://debuginfod.ubuntu.com PYTHONPATH=/home/ivan/Ivan/ROS2-project/build/kaiju_ik/prefix_override:/usr/lib/python3/dist-packages/colcon_core/task/python/colcon_distutils_commands:/home/ivan/Ivan/ROS2-project/install/kaiju_ik/lib/python3.12/site-packages:${PYTHONPATH} /usr/bin/python3 -W ignore:setup.py install is deprecated -W ignore:easy_install command is deprecated setup.py develop --editable --build-directory /home/ivan/Ivan/ROS2-project/build/kaiju_ik/build --no-deps symlink_data
