[0.113s] DEBUG:colcon:Command line arguments: ['/usr/bin/colcon', 'build', '--packages-select', 'your_pkg']
[0.113s] DEBUG:colcon:Parsed command line arguments: Namespace(log_base=None, log_level=None, verb_name='build', build_base='build', install_base='install', merge_install=False, symlink_install=False, test_result_base=None, continue_on_error=False, executor='parallel', parallel_workers=2, event_handlers=None, ignore_user_meta=False, metas=['./colcon.meta'], base_paths=['.'], packages_ignore=None, packages_ignore_regex=None, paths=None, packages_up_to=None, packages_up_to_regex=None, packages_above=None, packages_above_and_dependencies=None, packages_above_depth=None, packages_select_by_dep=None, packages_skip_by_dep=None, packages_skip_up_to=None, packages_select_build_failed=False, packages_skip_build_finished=False, packages_select_test_failures=False, packages_skip_test_passed=False, packages_select=['your_pkg'], packages_skip=None, packages_select_regex=None, packages_skip_regex=None, packages_start=None, packages_end=None, allow_overriding=[], cmake_args=None, cmake_target=None, cmake_target_skip_unavailable=False, cmake_clean_cache=False, cmake_clean_first=False, cmake_force_configure=False, ament_cmake_args=None, catkin_cmake_args=None, catkin_skip_building_tests=False, mixin_files=None, mixin=None, verb_parser=<colcon_mixin.mixin.mixin_argument.MixinArgumentDecorator object at 0x7bfdc3154830>, verb_extension=<colcon_core.verb.build.BuildVerb object at 0x7bfdc3154290>, main=<bound method BuildVerb.main of <colcon_core.verb.build.BuildVerb object at 0x7bfdc3154290>>, mixin_verb=('build',))
[0.267s] Level 1:colcon.colcon_core.package_discovery:discover_packages(colcon_meta) check parameters
[0.267s] Level 1:colcon.colcon_core.package_discovery:discover_packages(recursive) check parameters
[0.268s] Level 1:colcon.colcon_core.package_discovery:discover_packages(ignore) check parameters
[0.268s] Level 1:colcon.colcon_core.package_discovery:discover_packages(path) check parameters
[0.268s] Level 1:colcon.colcon_core.package_discovery:discover_packages(colcon_meta) discover
[0.268s] Level 1:colcon.colcon_core.package_discovery:discover_packages(recursive) discover
[0.268s] INFO:colcon.colcon_core.package_discovery:Crawling recursively for packages in '/home/ivan/Ivan/ROS2-project'
[0.268s] Level 1:colcon.colcon_core.package_identification:_identify(.) by extensions ['ignore', 'ignore_ament_install']
[0.268s] Level 1:colcon.colcon_core.package_identification:_identify(.) by extension 'ignore'
[0.268s] Level 1:colcon.colcon_core.package_identification:_identify(.) by extension 'ignore_ament_install'
[0.268s] Level 1:colcon.colcon_core.package_identification:_identify(.) by extensions ['colcon_pkg']
[0.268s] Level 1:colcon.colcon_core.package_identification:_identify(.) by extension 'colcon_pkg'
[0.268s] Level 1:colcon.colcon_core.package_identification:_identify(.) by extensions ['colcon_meta']
[0.268s] Level 1:colcon.colcon_core.package_identification:_identify(.) by extension 'colcon_meta'
[0.268s] Level 1:colcon.colcon_core.package_identification:_identify(.) by extensions ['ros']
[0.268s] Level 1:colcon.colcon_core.package_identification:_identify(.) by extension 'ros'
[0.294s] Level 1:colcon.colcon_core.package_identification:_identify(.) by extensions ['cmake', 'python']
[0.295s] Level 1:colcon.colcon_core.package_identification:_identify(.) by extension 'cmake'
[0.295s] Level 1:colcon.colcon_core.package_identification:_identify(.) by extension 'python'
[0.295s] Level 1:colcon.colcon_core.package_identification:_identify(.) by extensions ['python_setup_py']
[0.295s] Level 1:colcon.colcon_core.package_identification:_identify(.) by extension 'python_setup_py'
[0.295s] Level 1:colcon.colcon_core.package_identification:_identify(build) by extensions ['ignore', 'ignore_ament_install']
[0.295s] Level 1:colcon.colcon_core.package_identification:_identify(build) by extension 'ignore'
[0.295s] Level 1:colcon.colcon_core.package_identification:_identify(build) ignored
[0.296s] Level 1:colcon.colcon_core.package_identification:_identify(install) by extensions ['ignore', 'ignore_ament_install']
[0.296s] Level 1:colcon.colcon_core.package_identification:_identify(install) by extension 'ignore'
[0.296s] Level 1:colcon.colcon_core.package_identification:_identify(install) ignored
[0.296s] Level 1:colcon.colcon_core.package_identification:_identify(kaiju_ik_clean) by extensions ['ignore', 'ignore_ament_install']
[0.296s] Level 1:colcon.colcon_core.package_identification:_identify(kaiju_ik_clean) by extension 'ignore'
[0.296s] Level 1:colcon.colcon_core.package_identification:_identify(kaiju_ik_clean) by extension 'ignore_ament_install'
[0.296s] Level 1:colcon.colcon_core.package_identification:_identify(kaiju_ik_clean) by extensions ['colcon_pkg']
[0.296s] Level 1:colcon.colcon_core.package_identification:_identify(kaiju_ik_clean) by extension 'colcon_pkg'
[0.296s] Level 1:colcon.colcon_core.package_identification:_identify(kaiju_ik_clean) by extensions ['colcon_meta']
[0.296s] Level 1:colcon.colcon_core.package_identification:_identify(kaiju_ik_clean) by extension 'colcon_meta'
[0.297s] Level 1:colcon.colcon_core.package_identification:_identify(kaiju_ik_clean) by extensions ['ros']
[0.297s] Level 1:colcon.colcon_core.package_identification:_identify(kaiju_ik_clean) by extension 'ros'
[0.298s] Level 1:colcon.colcon_core.package_identification:_identify(kaiju_ik_clean) by extensions ['cmake', 'python']
[0.298s] Level 1:colcon.colcon_core.package_identification:_identify(kaiju_ik_clean) by extension 'cmake'
[0.298s] Level 1:colcon.colcon_core.package_identification:_identify(kaiju_ik_clean) by extension 'python'
[0.298s] Level 1:colcon.colcon_core.package_identification:_identify(kaiju_ik_clean) by extensions ['python_setup_py']
[0.298s] Level 1:colcon.colcon_core.package_identification:_identify(kaiju_ik_clean) by extension 'python_setup_py'
[0.299s] Level 1:colcon.colcon_core.package_identification:_identify(kaiju_ik_clean/kaiju_ik) by extensions ['ignore', 'ignore_ament_install']
[0.299s] Level 1:colcon.colcon_core.package_identification:_identify(kaiju_ik_clean/kaiju_ik) by extension 'ignore'
[0.299s] Level 1:colcon.colcon_core.package_identification:_identify(kaiju_ik_clean/kaiju_ik) by extension 'ignore_ament_install'
[0.299s] Level 1:colcon.colcon_core.package_identification:_identify(kaiju_ik_clean/kaiju_ik) by extensions ['colcon_pkg']
[0.299s] Level 1:colcon.colcon_core.package_identification:_identify(kaiju_ik_clean/kaiju_ik) by extension 'colcon_pkg'
[0.299s] Level 1:colcon.colcon_core.package_identification:_identify(kaiju_ik_clean/kaiju_ik) by extensions ['colcon_meta']
[0.299s] Level 1:colcon.colcon_core.package_identification:_identify(kaiju_ik_clean/kaiju_ik) by extension 'colcon_meta'
[0.300s] Level 1:colcon.colcon_core.package_identification:_identify(kaiju_ik_clean/kaiju_ik) by extensions ['ros']
[0.300s] Level 1:colcon.colcon_core.package_identification:_identify(kaiju_ik_clean/kaiju_ik) by extension 'ros'
[0.303s] DEBUG:colcon.colcon_core.package_identification:Package 'kaiju_ik_clean/kaiju_ik' with type 'ros.ament_python' and name 'kaiju_ik'
[0.304s] Level 1:colcon.colcon_core.package_identification:_identify(log) by extensions ['ignore', 'ignore_ament_install']
[0.304s] Level 1:colcon.colcon_core.package_identification:_identify(log) by extension 'ignore'
[0.304s] Level 1:colcon.colcon_core.package_identification:_identify(log) ignored
[0.304s] Level 1:colcon.colcon_core.package_discovery:discover_packages(recursive) using defaults
[0.305s] Level 1:colcon.colcon_core.package_discovery:discover_packages(ignore) discover
[0.305s] Level 1:colcon.colcon_core.package_discovery:discover_packages(ignore) using defaults
[0.305s] Level 1:colcon.colcon_core.package_discovery:discover_packages(path) discover
[0.305s] Level 1:colcon.colcon_core.package_discovery:discover_packages(path) using defaults
[0.305s] WARNING:colcon.colcon_core.package_selection:ignoring unknown package 'your_pkg' in --packages-select
[0.348s] INFO:colcon.colcon_core.package_selection:Skipping not selected package 'kaiju_ik' in 'kaiju_ik_clean/kaiju_ik'
[0.350s] Level 1:colcon.colcon_core.package_discovery:discover_packages(prefix_path) check parameters
[0.350s] Level 1:colcon.colcon_core.package_discovery:discover_packages(prefix_path) discover
[0.354s] Level 1:colcon.colcon_core.package_discovery:discover_packages(prefix_path) using defaults
[0.354s] INFO:colcon.colcon_core.executor:Executing jobs using 'parallel' executor
[0.359s] DEBUG:colcon.colcon_parallel_executor.executor.parallel:run_until_complete
[0.359s] DEBUG:colcon.colcon_parallel_executor.executor.parallel:closing loop
[0.359s] DEBUG:colcon.colcon_parallel_executor.executor.parallel:loop closed
[0.359s] DEBUG:colcon.colcon_parallel_executor.executor.parallel:run_until_complete finished with '0'
[0.360s] DEBUG:colcon.colcon_core.event_reactor:joining thread
[0.367s] INFO:colcon.colcon_core.plugin_system:Skipping extension 'colcon_notification.desktop_notification.terminal_notifier': Not used on non-Darwin systems
[0.367s] INFO:colcon.colcon_core.plugin_system:Skipping extension 'colcon_notification.desktop_notification.win32': Not used on non-Windows systems
[0.367s] INFO:colcon.colcon_notification.desktop_notification:Sending desktop notification using 'notify2'
[0.388s] DEBUG:colcon.colcon_core.event_reactor:joined thread
[0.389s] INFO:colcon.colcon_core.plugin_system:Skipping extension 'colcon_core.shell.bat': Not used on non-Windows systems
[0.390s] INFO:colcon.colcon_core.shell:Creating prefix script '/home/ivan/Ivan/ROS2-project/install/local_setup.ps1'
[0.392s] INFO:colcon.colcon_core.shell:Creating prefix util module '/home/ivan/Ivan/ROS2-project/install/_local_setup_util_ps1.py'
[0.397s] INFO:colcon.colcon_core.shell:Creating prefix chain script '/home/ivan/Ivan/ROS2-project/install/setup.ps1'
[0.398s] INFO:colcon.colcon_core.shell:Creating prefix script '/home/ivan/Ivan/ROS2-project/install/local_setup.sh'
[0.399s] INFO:colcon.colcon_core.shell:Creating prefix util module '/home/ivan/Ivan/ROS2-project/install/_local_setup_util_sh.py'
[0.400s] INFO:colcon.colcon_core.shell:Creating prefix chain script '/home/ivan/Ivan/ROS2-project/install/setup.sh'
[0.406s] INFO:colcon.colcon_core.shell:Creating prefix script '/home/ivan/Ivan/ROS2-project/install/local_setup.bash'
[0.407s] INFO:colcon.colcon_core.shell:Creating prefix chain script '/home/ivan/Ivan/ROS2-project/install/setup.bash'
[0.408s] INFO:colcon.colcon_core.shell:Creating prefix script '/home/ivan/Ivan/ROS2-project/install/local_setup.zsh'
[0.409s] INFO:colcon.colcon_core.shell:Creating prefix chain script '/home/ivan/Ivan/ROS2-project/install/setup.zsh'
